// Jest Snapshot v1, https://goo.gl/fbAQLP

exports[`departmentCourseNumbers request arch course numbers 1`] = `
[
  "100",
  "101",
  "105",
  "131",
  "200",
  "226",
  "252",
  "271",
  "272W",
  "273",
  "282",
  "285",
  "286",
  "301",
  "312",
  "313",
  "321",
  "322",
  "323",
  "329",
  "331",
  "332",
  "333",
  "340",
  "344",
  "348",
  "349",
  "350",
  "351",
  "363",
  "365",
  "373",
  "374",
  "375",
  "376",
  "377",
  "378",
  "383",
  "385",
  "386",
  "388",
  "389",
  "390",
  "425",
  "428",
  "431",
  "433",
  "434",
  "435",
  "436",
  "442",
  "450",
  "451",
  "452",
  "471W",
  "479",
  "480",
  "485",
  "498",
  "499",
  "531",
  "541",
  "551",
  "561",
  "591",
  "871",
  "872",
  "873",
  "874",
  "875",
  "876",
  "892",
  "893",
  "894",
  "895",
  "896",
  "898",
  "899",
]
`;
