// Jest Snapshot v1, https://goo.gl/fbAQLP

exports[`terms request terms 1`] = `
[
  "fall",
  "spring",
  "summer",
]
`;
